#-----------------------------------------------------------
# Vivado v2025.1 (64-bit)
# SW Build 6140274 on Thu May 22 00:12:29 MDT 2025
# IP Build 6138677 on Thu May 22 03:10:11 MDT 2025
# SharedData Build 6139179 on Tue May 20 17:58:58 MDT 2025
# Start of session at: Fri Sep 12 16:06:58 2025
# Process ID         : 18092
# Current directory  : C:/Users/danbe/Desktop/DSP Projects/VivadoPrac/Getting Back Into It/Getting Back Into It.runs/impl_1
# Command line       : vivado.exe -log AND_Gate.vdi -applog -product Vivado -messageDb vivado.pb -mode batch -source AND_Gate.tcl -notrace
# Log file           : C:/Users/danbe/Desktop/DSP Projects/VivadoPrac/Getting Back Into It/Getting Back Into It.runs/impl_1/AND_Gate.vdi
# Journal file       : C:/Users/danbe/Desktop/DSP Projects/VivadoPrac/Getting Back Into It/Getting Back Into It.runs/impl_1\vivado.jou
# Running On         : DESKTOP-D1B772S
# Platform           : Windows Server 2016 or Windows 10
# Operating System   : 19045
# Processor Detail   : AMD Ryzen 5 3600 6-Core Processor              
# CPU Frequency      : 3600 MHz
# CPU Physical cores : 6
# CPU Logical cores  : 12
# Host memory        : 51488 MB
# Swap memory        : 7516 MB
# Total Virtual      : 59004 MB
# Available Virtual  : 43241 MB
#-----------------------------------------------------------
source AND_Gate.tcl -notrace
